<?xml version="1.0" ?>
<othello-match>
	<timing start="Thu Feb  9 20:45:34 2023" finish="Thu Feb  9 20:45:35 2023"/>
	<player directory="advsearch.your_agent" color="B" result="draw" score="2"/>
	<player directory="advsearch.randomplayer" color="W" result="draw" score="2"/>
	<moves/>
</othello-match>
